<div class="container">

    <div class="row justify-content-center">
        <!-- div class="col-xl-5 col-lg-6 col-md-6" -->
        <div class="col-12 col-sm-9 col-md-8 col-lg-6 col-xl-5">
            <div class="card o-hidden border-0 shadow-lg mt-5 mb-2">
                <div class="card-body p-0">

                    <div class="p-5">

                        <div class="pr-5 pl-5 pb-5">
                            <img class="img-fluid" src="../resrc/img/test-logo.png">
                        </div>